// Jest Snapshot v1, https://goo.gl/fbAQLP

exports[`<CheckResponsible /> should render component 1`] = `01/01/2020 17:00:00`;
