// Jest Snapshot v1, https://goo.gl/fbAQLP

exports[`<PageAuthByLink /> should render component 1`] = `
<div
  class="ant-card ant-card-bordered css-dev-only-do-not-override-9ntgx0"
>
  <div
    class="ant-card-head"
  >
    <div
      class="ant-card-head-wrapper"
    >
      <div
        class="ant-card-head-title"
      >
        Signing...
      </div>
    </div>
  </div>
  <div
    class="ant-card-body"
    style="text-align: center;"
  >
    <div
      class="ant-space css-dev-only-do-not-override-9ntgx0 ant-space-vertical"
      style="display: flex;"
    >
      <div
        class="ant-space-item"
        style="margin-bottom: 24px;"
      >
        <div
          aria-busy="true"
          aria-live="polite"
          class="ant-spin ant-spin-spinning css-dev-only-do-not-override-9ntgx0"
        >
          <span
            aria-label="loading"
            class="anticon anticon-loading anticon-spin ant-spin-dot"
            role="img"
            style="font-size: 24px;"
          >
            <svg
              aria-hidden="true"
              data-icon="loading"
              fill="currentColor"
              focusable="false"
              height="1em"
              viewBox="0 0 1024 1024"
              width="1em"
            >
              <path
                d="M988 548c-19.9 0-36-16.1-36-36 0-59.4-11.6-117-34.6-171.3a440.45 440.45 0 00-94.3-139.9 437.71 437.71 0 00-139.9-94.3C629 83.6 571.4 72 512 72c-19.9 0-36-16.1-36-36s16.1-36 36-36c69.1 0 136.2 13.5 199.3 40.3C772.3 66 827 103 874 150c47 47 83.9 101.8 109.7 162.7 26.7 63.1 40.2 130.2 40.2 199.3.1 19.9-16 36-35.9 36z"
              />
            </svg>
          </span>
        </div>
      </div>
      <div
        class="ant-space-item"
      >
        <div
          class="ant-typography css-dev-only-do-not-override-9ntgx0"
        >
          You'll be redirected in a few seconds
        </div>
      </div>
    </div>
  </div>
</div>
`;
