// Jest Snapshot v1, https://goo.gl/fbAQLP

exports[`<PetChecksTable /> should render component 1`] = `
<div
  class="ant-space css-dev-only-do-not-override-1n7nwfa ant-space-vertical wrap"
>
  <div
    class="ant-space-item"
    style="margin-bottom: 16px;"
  >
    <div
      class="ant-row css-dev-only-do-not-override-1n7nwfa"
    >
      <div
        class="ant-col ant-col-xs-24 ant-col-sm-12 css-dev-only-do-not-override-1n7nwfa"
        style="display: flex; align-items: center;"
      >
        <h3
          class="ant-typography css-dev-only-do-not-override-1n7nwfa"
          style="margin-bottom: 0px;"
        >
          Checks
        </h3>
      </div>
      <div
        class="ant-col buttons ant-col-xs-24 ant-col-sm-12 css-dev-only-do-not-override-1n7nwfa"
      >
        <div
          class="ant-space css-dev-only-do-not-override-1n7nwfa ant-space-horizontal ant-space-align-center"
        >
          <div
            class="ant-space-item"
            style="margin-right: 8px;"
          >
            <button
              class="ant-btn css-dev-only-do-not-override-1n7nwfa ant-btn-primary ant-btn-lg"
              type="button"
            >
              <span
                class="anticon"
                role="img"
              >
                <svg
                  aria-hidden="true"
                  fill="currentColor"
                  focusable="false"
                  height="1em"
                  stroke="currentColor"
                  stroke-width="0"
                  viewBox="0 0 16 16"
                  width="1em"
                  xmlns="http://www.w3.org/2000/svg"
                >
                  <path
                    d="M10.854 8.146a.5.5 0 0 1 0 .708l-3 3a.5.5 0 0 1-.708 0l-1.5-1.5a.5.5 0 0 1 .708-.708L7.5 10.793l2.646-2.647a.5.5 0 0 1 .708 0z"
                  />
                  <path
                    d="M3.5 0a.5.5 0 0 1 .5.5V1h8V.5a.5.5 0 0 1 1 0V1h1a2 2 0 0 1 2 2v11a2 2 0 0 1-2 2H2a2 2 0 0 1-2-2V3a2 2 0 0 1 2-2h1V.5a.5.5 0 0 1 .5-.5zM2 2a1 1 0 0 0-1 1v11a1 1 0 0 0 1 1h12a1 1 0 0 0 1-1V3a1 1 0 0 0-1-1H2z"
                  />
                  <path
                    d="M2.5 4a.5.5 0 0 1 .5-.5h10a.5.5 0 0 1 .5.5v1a.5.5 0 0 1-.5.5H3a.5.5 0 0 1-.5-.5V4z"
                  />
                </svg>
              </span>
              <span>
                Checkin
              </span>
            </button>
          </div>
          <div
            class="ant-space-item"
          >
            <button
              class="ant-btn css-dev-only-do-not-override-1n7nwfa ant-btn-primary ant-btn-lg ant-btn-dangerous"
              type="button"
            >
              <span
                class="anticon"
                role="img"
              >
                <svg
                  aria-hidden="true"
                  fill="currentColor"
                  focusable="false"
                  height="1em"
                  stroke="currentColor"
                  stroke-width="0"
                  viewBox="0 0 16 16"
                  width="1em"
                  xmlns="http://www.w3.org/2000/svg"
                >
                  <path
                    d="M6.146 8.146a.5.5 0 0 1 .708 0L8 9.293l1.146-1.147a.5.5 0 1 1 .708.708L8.707 10l1.147 1.146a.5.5 0 0 1-.708.708L8 10.707l-1.146 1.147a.5.5 0 0 1-.708-.708L7.293 10 6.146 8.854a.5.5 0 0 1 0-.708z"
                  />
                  <path
                    d="M3.5 0a.5.5 0 0 1 .5.5V1h8V.5a.5.5 0 0 1 1 0V1h1a2 2 0 0 1 2 2v11a2 2 0 0 1-2 2H2a2 2 0 0 1-2-2V3a2 2 0 0 1 2-2h1V.5a.5.5 0 0 1 .5-.5zM2 2a1 1 0 0 0-1 1v11a1 1 0 0 0 1 1h12a1 1 0 0 0 1-1V3a1 1 0 0 0-1-1H2z"
                  />
                  <path
                    d="M2.5 4a.5.5 0 0 1 .5-.5h10a.5.5 0 0 1 .5.5v1a.5.5 0 0 1-.5.5H3a.5.5 0 0 1-.5-.5V4z"
                  />
                </svg>
              </span>
              <span>
                Checkout
              </span>
            </button>
          </div>
        </div>
      </div>
    </div>
  </div>
  <div
    class="ant-space-item"
  >
    <div
      class="ant-table-wrapper css-dev-only-do-not-override-1n7nwfa"
    >
      <div
        class="ant-spin-nested-loading css-dev-only-do-not-override-1n7nwfa"
      >
        <div
          class="ant-spin-container"
        >
          <div
            class="ant-table ant-table-bordered ant-table-empty"
          >
            <div
              class="ant-table-container"
            >
              <div
                class="ant-table-content"
              >
                <table
                  style="table-layout: auto;"
                >
                  <colgroup>
                    <col
                      style="width: 50%;"
                    />
                    <col
                      style="width: 50%;"
                    />
                  </colgroup>
                  <thead
                    class="ant-table-thead"
                  >
                    <tr>
                      <th
                        class="ant-table-cell"
                        scope="col"
                      >
                        Arrive
                      </th>
                      <th
                        class="ant-table-cell"
                        scope="col"
                      >
                        Leave
                      </th>
                    </tr>
                  </thead>
                  <tbody
                    class="ant-table-tbody"
                  >
                    <tr
                      class="ant-table-placeholder"
                    >
                      <td
                        class="ant-table-cell"
                        colspan="2"
                      >
                        <div
                          class="css-dev-only-do-not-override-1n7nwfa ant-empty ant-empty-normal"
                        >
                          <div
                            class="ant-empty-image"
                          >
                            <svg
                              height="41"
                              viewBox="0 0 64 41"
                              width="64"
                              xmlns="http://www.w3.org/2000/svg"
                            >
                              <g
                                fill="none"
                                fill-rule="evenodd"
                                transform="translate(0 1)"
                              >
                                <ellipse
                                  cx="32"
                                  cy="33"
                                  fill="#f5f5f5"
                                  rx="32"
                                  ry="7"
                                />
                                <g
                                  fill-rule="nonzero"
                                  stroke="#d9d9d9"
                                >
                                  <path
                                    d="M55 12.76L44.854 1.258C44.367.474 43.656 0 42.907 0H21.093c-.749 0-1.46.474-1.947 1.257L9 12.761V22h46v-9.24z"
                                  />
                                  <path
                                    d="M41.613 15.931c0-1.605.994-2.93 2.227-2.931H55v18.137C55 33.26 53.68 35 52.05 35h-40.1C10.32 35 9 33.259 9 31.137V13h11.16c1.233 0 2.227 1.323 2.227 2.928v.022c0 1.605 1.005 2.901 2.237 2.901h14.752c1.232 0 2.237-1.308 2.237-2.913v-.007z"
                                    fill="#fafafa"
                                  />
                                </g>
                              </g>
                            </svg>
                          </div>
                          <div
                            class="ant-empty-description"
                          >
                            No data
                          </div>
                        </div>
                      </td>
                    </tr>
                  </tbody>
                </table>
              </div>
            </div>
          </div>
        </div>
      </div>
    </div>
  </div>
</div>
`;
