// Jest Snapshot v1, https://goo.gl/fbAQLP

exports[`<DynamicBreadcrumb /> should render component 1`] = `
<h1>
  hello world
</h1>
`;
