// Jest Snapshot v1, https://goo.gl/fbAQLP

exports[`<Header /> should render component 1`] = `
<header
  class="ant-layout-header header"
>
  <button
    class="menu-button"
  >
    <span
      aria-label="menu"
      class="anticon anticon-menu"
      role="img"
    >
      <svg
        aria-hidden="true"
        data-icon="menu"
        fill="currentColor"
        focusable="false"
        height="1em"
        viewBox="64 64 896 896"
        width="1em"
      >
        <path
          d="M904 160H120c-4.4 0-8 3.6-8 8v64c0 4.4 3.6 8 8 8h784c4.4 0 8-3.6 8-8v-64c0-4.4-3.6-8-8-8zm0 624H120c-4.4 0-8 3.6-8 8v64c0 4.4 3.6 8 8 8h784c4.4 0 8-3.6 8-8v-64c0-4.4-3.6-8-8-8zm0-312H120c-4.4 0-8 3.6-8 8v64c0 4.4 3.6 8 8 8h784c4.4 0 8-3.6 8-8v-64c0-4.4-3.6-8-8-8z"
        />
      </svg>
    </span>
  </button>
  <h1
    class="ant-typography css-dev-only-do-not-override-1n7nwfa"
    style="color: rgb(255, 255, 255); font-size: 24px; margin: 0px;"
  >
    BFF.PET
  </h1>
</header>
`;
