// Jest Snapshot v1, https://goo.gl/fbAQLP

exports[`<PagePets /> should render component 1`] = `
<div
  class="css-dev-only-do-not-override-1n7nwfa ant-app"
>
  <h2
    class="ant-typography css-dev-only-do-not-override-1n7nwfa"
  >
    Pets
  </h2>
  <div
    class="ant-space css-dev-only-do-not-override-1n7nwfa ant-space-vertical"
    style="width: 100%;"
  >
    <div
      class="ant-space-item"
      style="margin-bottom: 24px;"
    >
      <span
        class="ant-input-affix-wrapper ant-input-affix-wrapper-lg css-dev-only-do-not-override-1n7nwfa"
      >
        <span
          class="ant-input-prefix"
        >
          <span
            aria-label="search"
            class="anticon anticon-search"
            role="img"
          >
            <svg
              aria-hidden="true"
              data-icon="search"
              fill="currentColor"
              focusable="false"
              height="1em"
              viewBox="64 64 896 896"
              width="1em"
            >
              <path
                d="M909.6 854.5L649.9 594.8C690.2 542.7 712 479 712 412c0-80.2-31.3-155.4-87.9-212.1-56.6-56.7-132-87.9-212.1-87.9s-155.5 31.3-212.1 87.9C143.2 256.5 112 331.8 112 412c0 80.1 31.3 155.5 87.9 212.1C256.5 680.8 331.8 712 412 712c67 0 130.6-21.8 182.7-62l259.7 259.6a8.2 8.2 0 0011.6 0l43.6-43.5a8.2 8.2 0 000-11.6zM570.4 570.4C528 612.7 471.8 636 412 636s-116-23.3-158.4-65.6C211.3 528 188 471.8 188 412s23.3-116.1 65.6-158.4C296 211.3 352.2 188 412 188s116.1 23.2 158.4 65.6S636 352.2 636 412s-23.3 116.1-65.6 158.4z"
              />
            </svg>
          </span>
        </span>
        <input
          class="ant-input ant-input-lg css-dev-only-do-not-override-1n7nwfa"
          placeholder="Search by pet name"
          type="search"
          value=""
        />
      </span>
    </div>
    <div
      class="ant-space-item"
    >
      <div
        class="ant-table-wrapper css-dev-only-do-not-override-1n7nwfa"
      >
        <div
          class="ant-spin-nested-loading css-dev-only-do-not-override-1n7nwfa"
        >
          <div>
            <div
              aria-busy="true"
              aria-live="polite"
              class="ant-spin ant-spin-spinning css-dev-only-do-not-override-1n7nwfa"
            >
              <span
                class="ant-spin-dot ant-spin-dot-spin"
              >
                <i
                  class="ant-spin-dot-item"
                />
                <i
                  class="ant-spin-dot-item"
                />
                <i
                  class="ant-spin-dot-item"
                />
                <i
                  class="ant-spin-dot-item"
                />
              </span>
            </div>
          </div>
          <div
            class="ant-spin-container ant-spin-blur"
          >
            <div
              class="ant-table ant-table-scroll-horizontal"
            >
              <div
                class="ant-table-container"
              >
                <div
                  class="ant-table-content"
                  style="overflow-x: auto; overflow-y: hidden;"
                >
                  <table
                    style="width: 800px; min-width: 100%; table-layout: auto;"
                  >
                    <colgroup>
                      <col />
                      <col
                        style="width: 200px;"
                      />
                      <col
                        style="width: 200px;"
                      />
                      <col
                        style="width: 200px;"
                      />
                    </colgroup>
                    <thead
                      class="ant-table-thead"
                    >
                      <tr>
                        <th
                          aria-label="Name"
                          class="ant-table-cell ant-table-column-has-sorters"
                          scope="col"
                          tabindex="0"
                        >
                          <div
                            class="ant-table-column-sorters"
                          >
                            <span
                              class="ant-table-column-title"
                            >
                              Name
                            </span>
                            <span
                              class="ant-table-column-sorter ant-table-column-sorter-full"
                            >
                              <span
                                class="ant-table-column-sorter-inner"
                              >
                                <span
                                  aria-label="caret-up"
                                  class="anticon anticon-caret-up ant-table-column-sorter-up"
                                  role="presentation"
                                >
                                  <svg
                                    aria-hidden="true"
                                    data-icon="caret-up"
                                    fill="currentColor"
                                    focusable="false"
                                    height="1em"
                                    viewBox="0 0 1024 1024"
                                    width="1em"
                                  >
                                    <path
                                      d="M858.9 689L530.5 308.2c-9.4-10.9-27.5-10.9-37 0L165.1 689c-12.2 14.2-1.2 35 18.5 35h656.8c19.7 0 30.7-20.8 18.5-35z"
                                    />
                                  </svg>
                                </span>
                                <span
                                  aria-label="caret-down"
                                  class="anticon anticon-caret-down ant-table-column-sorter-down"
                                  role="presentation"
                                >
                                  <svg
                                    aria-hidden="true"
                                    data-icon="caret-down"
                                    fill="currentColor"
                                    focusable="false"
                                    height="1em"
                                    viewBox="0 0 1024 1024"
                                    width="1em"
                                  >
                                    <path
                                      d="M840.4 300H183.6c-19.7 0-30.7 20.8-18.5 35l328.4 380.8c9.4 10.9 27.5 10.9 37 0L858.9 335c12.2-14.2 1.2-35-18.5-35z"
                                    />
                                  </svg>
                                </span>
                              </span>
                            </span>
                          </div>
                        </th>
                        <th
                          class="ant-table-cell"
                          scope="col"
                        >
                          Breed
                        </th>
                        <th
                          class="ant-table-cell"
                          scope="col"
                        >
                          Birth date
                        </th>
                        <th
                          aria-sort="descending"
                          class="ant-table-cell ant-table-column-sort ant-table-column-has-sorters"
                          scope="col"
                          tabindex="0"
                        >
                          <div
                            class="ant-table-column-sorters"
                          >
                            <span
                              class="ant-table-column-title"
                            >
                              Created at
                            </span>
                            <span
                              class="ant-table-column-sorter ant-table-column-sorter-full"
                            >
                              <span
                                class="ant-table-column-sorter-inner"
                              >
                                <span
                                  aria-label="caret-up"
                                  class="anticon anticon-caret-up ant-table-column-sorter-up"
                                  role="presentation"
                                >
                                  <svg
                                    aria-hidden="true"
                                    data-icon="caret-up"
                                    fill="currentColor"
                                    focusable="false"
                                    height="1em"
                                    viewBox="0 0 1024 1024"
                                    width="1em"
                                  >
                                    <path
                                      d="M858.9 689L530.5 308.2c-9.4-10.9-27.5-10.9-37 0L165.1 689c-12.2 14.2-1.2 35 18.5 35h656.8c19.7 0 30.7-20.8 18.5-35z"
                                    />
                                  </svg>
                                </span>
                                <span
                                  aria-label="caret-down"
                                  class="anticon anticon-caret-down ant-table-column-sorter-down active"
                                  role="presentation"
                                >
                                  <svg
                                    aria-hidden="true"
                                    data-icon="caret-down"
                                    fill="currentColor"
                                    focusable="false"
                                    height="1em"
                                    viewBox="0 0 1024 1024"
                                    width="1em"
                                  >
                                    <path
                                      d="M840.4 300H183.6c-19.7 0-30.7 20.8-18.5 35l328.4 380.8c9.4 10.9 27.5 10.9 37 0L858.9 335c12.2-14.2 1.2-35-18.5-35z"
                                    />
                                  </svg>
                                </span>
                              </span>
                            </span>
                          </div>
                        </th>
                      </tr>
                    </thead>
                    <tbody
                      class="ant-table-tbody"
                    >
                      <tr
                        aria-hidden="true"
                        class="ant-table-measure-row"
                        style="height: 0px; font-size: 0px;"
                      >
                        <td
                          style="padding: 0px; border: 0px; height: 0px;"
                        >
                          <div
                            style="height: 0px; overflow: hidden;"
                          >
                             
                          </div>
                        </td>
                        <td
                          style="padding: 0px; border: 0px; height: 0px;"
                        >
                          <div
                            style="height: 0px; overflow: hidden;"
                          >
                             
                          </div>
                        </td>
                        <td
                          style="padding: 0px; border: 0px; height: 0px;"
                        >
                          <div
                            style="height: 0px; overflow: hidden;"
                          >
                             
                          </div>
                        </td>
                        <td
                          style="padding: 0px; border: 0px; height: 0px;"
                        >
                          <div
                            style="height: 0px; overflow: hidden;"
                          >
                             
                          </div>
                        </td>
                      </tr>
                      <tr
                        class="ant-table-row ant-table-row-level-0"
                        data-row-key="c504316d-5d49-4a8e-8d3f-0e47e94a8694"
                      >
                        <td
                          class="ant-table-cell"
                        >
                          Fake Pet Name 1
                        </td>
                        <td
                          class="ant-table-cell"
                        >
                          Fake Breed 1
                        </td>
                        <td
                          class="ant-table-cell"
                        >
                          10/11/2018
                        </td>
                        <td
                          class="ant-table-cell ant-table-column-sort"
                        >
                          30/12/2022 14:45:40
                        </td>
                      </tr>
                      <tr
                        class="ant-table-row ant-table-row-level-0"
                        data-row-key="54737ecb-ed7e-4f5a-b645-25e7033f5fc2"
                      >
                        <td
                          class="ant-table-cell"
                        >
                          Fake Pet Name 2
                        </td>
                        <td
                          class="ant-table-cell"
                        >
                          Fake Breed 2
                        </td>
                        <td
                          class="ant-table-cell"
                        >
                          10/11/2018
                        </td>
                        <td
                          class="ant-table-cell ant-table-column-sort"
                        >
                          30/12/2022 14:45:38
                        </td>
                      </tr>
                    </tbody>
                  </table>
                </div>
              </div>
            </div>
          </div>
        </div>
      </div>
    </div>
  </div>
</div>
`;
