// Jest Snapshot v1, https://goo.gl/fbAQLP

exports[`<CheckResponsible /> should render component 1`] = `25/01/2023 16:37:42`;
